--- Startup times for process: Primary (or UI client) ---

times in msec
 clock   self+sourced   self:  sourced script
 clock   elapsed:              other lines

000.005  000.005: --- NVIM STARTING ---
000.681  000.676: event init
000.966  000.285: early init
001.666  000.700: locale set
001.701  000.035: init first window
002.747  001.046: inits 1
002.754  000.008: window checked
002.757  000.002: parsing arguments
003.513  000.048  000.048: require('vim.shared')
003.613  000.041  000.041: require('vim.inspect')
003.659  000.038  000.038: require('vim._options')
003.662  000.145  000.067: require('vim._editor')
003.664  000.230  000.036: require('vim._init_packages')
003.666  000.679: init lua interpreter
010.125  006.459: nvim_ui_attach
010.533  000.408: nvim_set_client_info
010.536  000.003: --- NVIM STARTED ---

--- Startup times for process: Embedded ---

times in msec
 clock   self+sourced   self:  sourced script
 clock   elapsed:              other lines

000.004  000.004: --- NVIM STARTING ---
000.090  000.086: event init
000.202  000.112: early init
000.547  000.345: locale set
000.569  000.022: init first window
000.941  000.372: inits 1
000.956  000.015: window checked
000.958  000.003: parsing arguments
001.424  000.039  000.039: require('vim.shared')
001.508  000.034  000.034: require('vim.inspect')
001.548  000.033  000.033: require('vim._options')
001.551  000.124  000.057: require('vim._editor')
001.552  000.193  000.030: require('vim._init_packages')
001.554  000.403: init lua interpreter
003.429  001.875: expanding arguments
003.443  000.014: inits 2
003.741  000.298: init highlight
003.742  000.001: waiting for UI
003.875  000.133: done waiting for UI
003.879  000.004: clear screen
004.023  000.012  000.012: require('vim.keymap')
005.322  000.360  000.360: sourcing nvim_exec2()
005.722  001.839  001.467: require('vim._defaults')
005.724  000.006: init default mappings & autocommands
006.553  000.266  000.266: sourcing /opt/homebrew/Cellar/neovim/0.11.2/share/nvim/runtime/ftplugin.vim
006.804  000.162  000.162: sourcing /opt/homebrew/Cellar/neovim/0.11.2/share/nvim/runtime/indent.vim
007.251  000.133  000.133: require('vim.fs')
007.606  000.351  000.351: require('vim.uri')
007.620  000.525  000.041: require('vim.loader')
008.984  000.986  000.986: require('lazy')
009.012  000.014  000.014: require('ffi')
009.262  000.245  000.245: require('lazy.stats')
009.610  000.283  000.283: require('lazy.core.util')
009.954  000.343  000.343: require('lazy.core.config')
010.496  000.264  000.264: require('lazy.core.handler')
011.429  000.305  000.305: require('lazy.pkg')
011.434  000.595  000.290: require('lazy.core.meta')
011.444  000.947  000.352: require('lazy.core.plugin')
011.450  001.493  000.282: require('lazy.core.loader')
012.596  000.242  000.242: require('lazy.core.fragments')
015.059  000.295  000.295: require('lazyvim.util.deprecated')
015.067  000.772  000.477: require('lazyvim.util')
015.076  001.062  000.290: require('lazyvim.config')
016.372  000.714  000.714: require('lazyvim.config.options')
016.916  000.006  000.006: sourcing nvim_exec2() called at /Users/tombunzel/.dotfiles/.config/nvim/init.lua:0
016.920  000.001  000.001: sourcing nvim_exec2() called at /Users/tombunzel/.dotfiles/.config/nvim/init.lua:0
016.991  000.009  000.009: sourcing nvim_exec2() called at /Users/tombunzel/.dotfiles/.config/nvim/init.lua:0
016.997  000.005  000.005: sourcing nvim_exec2() called at /Users/tombunzel/.dotfiles/.config/nvim/init.lua:0
017.018  000.610  000.588: require('config.options')
017.271  000.234  000.234: require('lazyvim.util.plugin')
017.479  000.205  000.205: require('lazyvim.util.inject')
017.684  000.202  000.202: require('lazy.core.handler.event')
023.455  000.274  000.274: require('lazyvim.util.pick')
024.957  000.197  000.197: require('lazyvim.util.lsp')
027.526  000.006  000.006: require('vim.F')
030.305  000.127  000.127: require('lazy.core.handler.cmd')
030.450  000.142  000.142: require('lazy.core.handler.ft')
030.559  000.106  000.106: require('lazy.core.handler.keys')
031.138  000.004  000.004: sourcing nvim_exec2() called at /Users/tombunzel/.dotfiles/.config/nvim/init.lua:0
031.146  000.001  000.001: sourcing nvim_exec2() called at /Users/tombunzel/.dotfiles/.config/nvim/init.lua:0
031.163  000.001  000.001: sourcing nvim_exec2() called at /Users/tombunzel/.dotfiles/.config/nvim/init.lua:0
031.169  000.001  000.001: sourcing nvim_exec2() called at /Users/tombunzel/.dotfiles/.config/nvim/init.lua:0
032.756  000.002  000.002: sourcing nvim_exec2() called at /Users/tombunzel/.dotfiles/.config/nvim/init.lua:0
032.767  000.001  000.001: sourcing nvim_exec2() called at /Users/tombunzel/.dotfiles/.config/nvim/init.lua:0
033.484  000.002  000.002: sourcing nvim_exec2() called at /Users/tombunzel/.dotfiles/.config/nvim/init.lua:0
033.492  000.001  000.001: sourcing nvim_exec2() called at /Users/tombunzel/.dotfiles/.config/nvim/init.lua:0
034.101  000.033  000.033: sourcing nvim_exec2() called at /opt/homebrew/Cellar/neovim/0.11.2/share/nvim/runtime/filetype.lua:0
034.103  000.256  000.223: sourcing /opt/homebrew/Cellar/neovim/0.11.2/share/nvim/runtime/filetype.lua
034.105  000.306  000.050: sourcing nvim_exec2() called at /Users/tombunzel/.dotfiles/.config/nvim/init.lua:0
034.272  000.001  000.001: sourcing nvim_exec2() called at /Users/tombunzel/.dotfiles/.config/nvim/init.lua:0
034.277  000.001  000.001: sourcing nvim_exec2() called at /Users/tombunzel/.dotfiles/.config/nvim/init.lua:0
034.531  000.197  000.197: require('lazyvim')
035.473  000.002  000.002: sourcing nvim_exec2() called at ColorSchemePre Autocommands for "*":0
035.481  000.001  000.001: sourcing nvim_exec2() called at ColorSchemePre Autocommands for "*":0
036.130  000.399  000.399: require('catppuccin')
036.543  000.109  000.109: require('catppuccin.lib.hashing')
038.639  001.852  001.852: sourcing /Users/tombunzel/.local/share/nvim/lazy/catppuccin/colors/catppuccin-frappe.vim
038.659  000.005  000.005: sourcing nvim_exec2() called at ColorScheme Autocommands for "*":0
039.392  000.369  000.369: require('snacks')
039.394  000.536  000.167: sourcing /Users/tombunzel/.local/share/nvim/lazy/snacks.nvim/plugin/snacks.lua
039.398  000.592  000.056: sourcing nvim_exec2() called at /Users/tombunzel/.dotfiles/.config/nvim/init.lua:0
039.404  000.002  000.002: sourcing nvim_exec2() called at /Users/tombunzel/.dotfiles/.config/nvim/init.lua:0
039.455  000.001  000.001: sourcing nvim_exec2() called at /Users/tombunzel/.dotfiles/.config/nvim/init.lua:0
041.270  000.104  000.104: require('vim.treesitter.language')
041.361  000.089  000.089: require('vim.func')
041.454  000.091  000.091: require('vim.func._memoize')
041.471  000.882  000.598: require('vim.treesitter.query')
041.559  000.087  000.087: require('vim.treesitter._range')
041.567  001.216  000.247: require('vim.treesitter.languagetree')
041.571  001.428  000.211: require('vim.treesitter')
041.732  001.800  000.372: sourcing /Users/tombunzel/.local/share/nvim/lazy/nvim-treesitter/plugin/filetypes.lua
041.736  001.852  000.052: sourcing nvim_exec2() called at /Users/tombunzel/.dotfiles/.config/nvim/init.lua:0
041.940  000.161  000.161: sourcing /Users/tombunzel/.local/share/nvim/lazy/nvim-treesitter/plugin/nvim-treesitter.lua
041.942  000.202  000.041: sourcing nvim_exec2() called at /Users/tombunzel/.dotfiles/.config/nvim/init.lua:0
042.139  000.159  000.159: sourcing /Users/tombunzel/.local/share/nvim/lazy/nvim-treesitter/plugin/query_predicates.lua
042.141  000.196  000.037: sourcing nvim_exec2() called at /Users/tombunzel/.dotfiles/.config/nvim/init.lua:0
042.145  000.001  000.001: sourcing nvim_exec2() called at /Users/tombunzel/.dotfiles/.config/nvim/init.lua:0
042.150  000.001  000.001: sourcing nvim_exec2() called at /Users/tombunzel/.dotfiles/.config/nvim/init.lua:0
044.883  000.198  000.198: require('treesitter-context.config')
044.889  000.432  000.234: require('treesitter-context')
044.928  000.642  000.210: sourcing /Users/tombunzel/.local/share/nvim/lazy/nvim-treesitter-context/plugin/treesitter-context.lua
044.934  000.693  000.052: sourcing nvim_exec2() called at /Users/tombunzel/.dotfiles/.config/nvim/init.lua:0
044.940  000.002  000.002: sourcing nvim_exec2() called at /Users/tombunzel/.dotfiles/.config/nvim/init.lua:0
044.949  000.001  000.001: sourcing nvim_exec2() called at /Users/tombunzel/.dotfiles/.config/nvim/init.lua:0
045.445  000.215  000.215: require('vim.treesitter.highlighter')
045.643  000.197  000.197: require('treesitter-context.util')
045.648  000.643  000.231: require('treesitter-context.render')
045.703  000.002  000.002: sourcing nvim_exec2() called at /Users/tombunzel/.dotfiles/.config/nvim/init.lua:0
045.709  000.001  000.001: sourcing nvim_exec2() called at /Users/tombunzel/.dotfiles/.config/nvim/init.lua:0
046.621  000.153  000.153: require('notify.util.queue')
046.623  000.296  000.143: require('notify.util')
047.395  000.021  000.021: sourcing nvim_exec2() called at /Users/tombunzel/.dotfiles/.config/nvim/init.lua:0
047.431  000.008  000.008: sourcing nvim_exec2() called at /Users/tombunzel/.dotfiles/.config/nvim/init.lua:0
047.433  000.809  000.780: require('notify.config.highlights')
047.435  001.321  000.217: require('notify.config')
047.801  000.120  000.120: require('notify.stages')
047.991  000.189  000.189: require('notify.service.notification')
048.484  000.103  000.103: require('notify.animate.spring')
048.486  000.264  000.161: require('notify.animate')
048.489  000.498  000.233: require('notify.windows')
048.803  000.101  000.101: require('notify.service.buffer.highlights')
048.806  000.209  000.109: require('notify.service.buffer')
048.808  000.318  000.108: require('notify.service')
049.042  000.234  000.234: require('notify.stages.util')
049.044  001.607  000.250: require('notify.instance')
049.047  003.300  000.371: require('notify')
049.243  000.143  000.143: require('notify.stages.fade_in_slide_out')
049.276  000.007  000.007: sourcing nvim_exec2() called at /Users/tombunzel/.dotfiles/.config/nvim/init.lua:0
049.281  000.003  000.003: sourcing nvim_exec2() called at /Users/tombunzel/.dotfiles/.config/nvim/init.lua:0
049.382  000.002  000.002: sourcing nvim_exec2() called at /Users/tombunzel/.dotfiles/.config/nvim/init.lua:0
049.389  000.001  000.001: sourcing nvim_exec2() called at /Users/tombunzel/.dotfiles/.config/nvim/init.lua:0
049.725  000.139  000.139: sourcing /opt/homebrew/Cellar/neovim/0.11.2/share/nvim/runtime/plugin/editorconfig.lua
049.727  000.198  000.059: sourcing nvim_exec2() called at /Users/tombunzel/.dotfiles/.config/nvim/init.lua:0
049.909  000.142  000.142: sourcing /opt/homebrew/Cellar/neovim/0.11.2/share/nvim/runtime/plugin/man.lua
049.911  000.182  000.040: sourcing nvim_exec2() called at /Users/tombunzel/.dotfiles/.config/nvim/init.lua:0
050.920  000.280  000.280: sourcing /opt/homebrew/Cellar/neovim/0.11.2/share/nvim/runtime/pack/dist/opt/matchit/plugin/matchit.vim
050.932  000.981  000.701: sourcing /opt/homebrew/Cellar/neovim/0.11.2/share/nvim/runtime/plugin/matchit.vim
050.934  001.020  000.039: sourcing nvim_exec2() called at /Users/tombunzel/.dotfiles/.config/nvim/init.lua:0
051.150  000.164  000.164: sourcing /opt/homebrew/Cellar/neovim/0.11.2/share/nvim/runtime/plugin/matchparen.vim
051.152  000.205  000.040: sourcing nvim_exec2() called at /Users/tombunzel/.dotfiles/.config/nvim/init.lua:0
051.283  000.085  000.085: sourcing /opt/homebrew/Cellar/neovim/0.11.2/share/nvim/runtime/plugin/osc52.lua
051.285  000.126  000.041: sourcing nvim_exec2() called at /Users/tombunzel/.dotfiles/.config/nvim/init.lua:0
051.537  000.213  000.213: sourcing /opt/homebrew/Cellar/neovim/0.11.2/share/nvim/runtime/plugin/shada.vim
051.539  000.251  000.038: sourcing nvim_exec2() called at /Users/tombunzel/.dotfiles/.config/nvim/init.lua:0
051.831  000.238  000.238: sourcing /opt/homebrew/Cellar/neovim/0.11.2/share/nvim/runtime/plugin/spellfile.vim
051.833  000.289  000.050: sourcing nvim_exec2() called at /Users/tombunzel/.dotfiles/.config/nvim/init.lua:0
051.906  044.260  023.975: require('config.lazy')
051.907  044.946  000.162: sourcing /Users/tombunzel/.config/nvim/init.lua
051.913  000.815: sourcing vimrc file(s)
052.175  000.032  000.032: sourcing /opt/homebrew/Cellar/neovim/0.11.2/share/nvim/runtime/filetype.lua
052.548  000.100  000.100: sourcing /opt/homebrew/Cellar/neovim/0.11.2/share/nvim/runtime/syntax/synload.vim
052.600  000.352  000.252: sourcing /opt/homebrew/Cellar/neovim/0.11.2/share/nvim/runtime/syntax/syntax.vim
052.610  000.313: inits 3
054.063  001.453: reading ShaDa
054.134  000.072: opening buffers
054.170  000.036: BufEnter autocommands
054.171  000.001: editing files in windows
054.201  000.030: VimEnter autocommands
055.084  000.378  000.378: require('snacks.util')
055.100  000.877  000.498: require('snacks.dashboard')
057.329  000.203  000.203: require('vim.ui')
057.335  000.538  000.335: require('snacks.input')
057.620  000.282  000.282: require('snacks.scope')
057.874  000.192  000.192: require('vim.termcap')
057.914  000.011  000.011: require('vim.text')
057.932  001.831: UIEnter autocommands
057.934  000.003: before starting main loop
058.392  000.458: first screen update
058.393  000.001: --- NVIM STARTED ---

--- Startup times for process: Primary (or UI client) ---

times in msec
 clock   self+sourced   self:  sourced script
 clock   elapsed:              other lines

000.005  000.005: --- NVIM STARTING ---
000.715  000.710: event init
000.981  000.267: early init
001.876  000.895: locale set
001.909  000.033: init first window
002.744  000.835: inits 1
002.752  000.008: window checked
002.754  000.002: parsing arguments
003.511  000.049  000.049: require('vim.shared')
003.612  000.042  000.042: require('vim.inspect')
003.660  000.038  000.038: require('vim._options')
003.663  000.148  000.068: require('vim._editor')
003.664  000.238  000.041: require('vim._init_packages')
003.667  000.674: init lua interpreter
009.896  006.230: nvim_ui_attach
010.293  000.396: nvim_set_client_info
010.294  000.002: --- NVIM STARTED ---

--- Startup times for process: Embedded ---

times in msec
 clock   self+sourced   self:  sourced script
 clock   elapsed:              other lines

000.003  000.003: --- NVIM STARTING ---
000.081  000.078: event init
000.182  000.100: early init
000.503  000.321: locale set
000.523  000.020: init first window
000.875  000.352: inits 1
000.888  000.013: window checked
000.890  000.002: parsing arguments
001.385  000.039  000.039: require('vim.shared')
001.470  000.035  000.035: require('vim.inspect')
001.510  000.032  000.032: require('vim._options')
001.512  000.124  000.058: require('vim._editor')
001.514  000.193  000.029: require('vim._init_packages')
001.516  000.433: init lua interpreter
003.039  001.524: expanding arguments
003.054  000.015: inits 2
003.333  000.279: init highlight
003.333  000.001: waiting for UI
003.435  000.102: done waiting for UI
003.438  000.003: clear screen
003.570  000.010  000.010: require('vim.keymap')
004.793  000.361  000.361: sourcing nvim_exec2()
005.138  001.689  001.317: require('vim._defaults')
005.140  000.013: init default mappings & autocommands
005.852  000.208  000.208: sourcing /opt/homebrew/Cellar/neovim/0.11.2/share/nvim/runtime/ftplugin.vim
006.073  000.156  000.156: sourcing /opt/homebrew/Cellar/neovim/0.11.2/share/nvim/runtime/indent.vim
006.491  000.120  000.120: require('vim.fs')
006.862  000.368  000.368: require('vim.uri')
006.875  000.524  000.036: require('vim.loader')
008.107  000.876  000.876: require('lazy')
008.131  000.013  000.013: require('ffi')
008.351  000.215  000.215: require('lazy.stats')
008.625  000.244  000.244: require('lazy.core.util')
008.891  000.265  000.265: require('lazy.core.config')
009.426  000.225  000.225: require('lazy.core.handler')
010.377  000.299  000.299: require('lazy.pkg')
010.381  000.586  000.287: require('lazy.core.meta')
010.389  000.961  000.375: require('lazy.core.plugin')
010.396  001.504  000.318: require('lazy.core.loader')
011.494  000.282  000.282: require('lazy.core.fragments')
013.614  000.367  000.367: require('lazyvim.util.deprecated')
013.622  000.867  000.500: require('lazyvim.util')
013.630  001.141  000.274: require('lazyvim.config')
014.817  000.868  000.868: require('lazyvim.config.options')
015.278  000.005  000.005: sourcing nvim_exec2() called at /Users/tombunzel/.dotfiles/.config/nvim/init.lua:0
015.281  000.001  000.001: sourcing nvim_exec2() called at /Users/tombunzel/.dotfiles/.config/nvim/init.lua:0
015.297  000.005  000.005: sourcing nvim_exec2() called at /Users/tombunzel/.dotfiles/.config/nvim/init.lua:0
015.302  000.003  000.003: sourcing nvim_exec2() called at /Users/tombunzel/.dotfiles/.config/nvim/init.lua:0
015.320  000.478  000.464: require('config.options')
015.568  000.235  000.235: require('lazyvim.util.plugin')
015.765  000.195  000.195: require('lazyvim.util.inject')
015.968  000.200  000.200: require('lazy.core.handler.event')
020.625  000.270  000.270: require('lazyvim.util.pick')
021.844  000.118  000.118: require('lazyvim.util.lsp')
023.678  000.004  000.004: require('vim.F')
026.475  000.124  000.124: require('lazy.core.handler.keys')
026.570  000.093  000.093: require('lazy.core.handler.ft')
026.693  000.121  000.121: require('lazy.core.handler.cmd')
027.163  000.004  000.004: sourcing nvim_exec2() called at /Users/tombunzel/.dotfiles/.config/nvim/init.lua:0
027.171  000.001  000.001: sourcing nvim_exec2() called at /Users/tombunzel/.dotfiles/.config/nvim/init.lua:0
027.777  000.002  000.002: sourcing nvim_exec2() called at /Users/tombunzel/.dotfiles/.config/nvim/init.lua:0
027.784  000.001  000.001: sourcing nvim_exec2() called at /Users/tombunzel/.dotfiles/.config/nvim/init.lua:0
028.136  000.001  000.001: sourcing nvim_exec2() called at /Users/tombunzel/.dotfiles/.config/nvim/init.lua:0
028.142  000.001  000.001: sourcing nvim_exec2() called at /Users/tombunzel/.dotfiles/.config/nvim/init.lua:0
028.947  000.001  000.001: sourcing nvim_exec2() called at /Users/tombunzel/.dotfiles/.config/nvim/init.lua:0
028.956  000.001  000.001: sourcing nvim_exec2() called at /Users/tombunzel/.dotfiles/.config/nvim/init.lua:0
030.144  000.032  000.032: sourcing nvim_exec2() called at /opt/homebrew/Cellar/neovim/0.11.2/share/nvim/runtime/filetype.lua:0
030.146  000.249  000.217: sourcing /opt/homebrew/Cellar/neovim/0.11.2/share/nvim/runtime/filetype.lua
030.148  000.301  000.052: sourcing nvim_exec2() called at /Users/tombunzel/.dotfiles/.config/nvim/init.lua:0
030.351  000.001  000.001: sourcing nvim_exec2() called at /Users/tombunzel/.dotfiles/.config/nvim/init.lua:0
030.356  000.001  000.001: sourcing nvim_exec2() called at /Users/tombunzel/.dotfiles/.config/nvim/init.lua:0
030.613  000.241  000.241: require('lazyvim')
031.663  000.001  000.001: sourcing nvim_exec2() called at ColorSchemePre Autocommands for "*":0
031.668  000.001  000.001: sourcing nvim_exec2() called at ColorSchemePre Autocommands for "*":0
032.176  000.396  000.396: require('catppuccin')
032.496  000.103  000.103: require('catppuccin.lib.hashing')
034.371  001.646  001.646: sourcing /Users/tombunzel/.local/share/nvim/lazy/catppuccin/colors/catppuccin-frappe.vim
034.386  000.004  000.004: sourcing nvim_exec2() called at ColorScheme Autocommands for "*":0
035.124  000.412  000.412: require('snacks')
035.125  000.574  000.162: sourcing /Users/tombunzel/.local/share/nvim/lazy/snacks.nvim/plugin/snacks.lua
035.127  000.620  000.046: sourcing nvim_exec2() called at /Users/tombunzel/.dotfiles/.config/nvim/init.lua:0
035.132  000.001  000.001: sourcing nvim_exec2() called at /Users/tombunzel/.dotfiles/.config/nvim/init.lua:0
035.138  000.001  000.001: sourcing nvim_exec2() called at /Users/tombunzel/.dotfiles/.config/nvim/init.lua:0
035.380  000.001  000.001: sourcing nvim_exec2() called at /Users/tombunzel/.dotfiles/.config/nvim/init.lua:0
035.416  000.001  000.001: sourcing nvim_exec2() called at /Users/tombunzel/.dotfiles/.config/nvim/init.lua:0
036.327  000.142  000.142: require('notify.util.queue')
036.329  000.280  000.138: require('notify.util')
037.159  000.019  000.019: sourcing nvim_exec2() called at /Users/tombunzel/.dotfiles/.config/nvim/init.lua:0
037.170  000.008  000.008: sourcing nvim_exec2() called at /Users/tombunzel/.dotfiles/.config/nvim/init.lua:0
037.172  000.842  000.815: require('notify.config.highlights')
037.174  001.329  000.207: require('notify.config')
037.506  000.116  000.116: require('notify.stages')
037.690  000.183  000.183: require('notify.service.notification')
038.083  000.090  000.090: require('notify.animate.spring')
038.084  000.177  000.087: require('notify.animate')
038.086  000.395  000.218: require('notify.windows')
038.331  000.084  000.084: require('notify.service.buffer.highlights')
038.333  000.166  000.082: require('notify.service.buffer')
038.335  000.248  000.082: require('notify.service')
038.604  000.268  000.268: require('notify.stages.util')
038.605  001.430  000.220: require('notify.instance')
038.608  003.111  000.352: require('notify')
038.718  000.083  000.083: require('notify.stages.fade_in_slide_out')
038.728  000.004  000.004: sourcing nvim_exec2() called at /Users/tombunzel/.dotfiles/.config/nvim/init.lua:0
038.731  000.002  000.002: sourcing nvim_exec2() called at /Users/tombunzel/.dotfiles/.config/nvim/init.lua:0
040.194  000.093  000.093: require('vim.treesitter.language')
040.267  000.072  000.072: require('vim.func')
040.343  000.074  000.074: require('vim.func._memoize')
040.355  000.785  000.547: require('vim.treesitter.query')
040.432  000.076  000.076: require('vim.treesitter._range')
040.439  001.072  000.211: require('vim.treesitter.languagetree')
040.442  001.234  000.162: require('vim.treesitter')
040.594  001.554  000.320: sourcing /Users/tombunzel/.local/share/nvim/lazy/nvim-treesitter/plugin/filetypes.lua
040.597  001.595  000.042: sourcing nvim_exec2() called at /Users/tombunzel/.dotfiles/.config/nvim/init.lua:0
040.808  000.171  000.171: sourcing /Users/tombunzel/.local/share/nvim/lazy/nvim-treesitter/plugin/nvim-treesitter.lua
040.810  000.209  000.038: sourcing nvim_exec2() called at /Users/tombunzel/.dotfiles/.config/nvim/init.lua:0
040.999  000.152  000.152: sourcing /Users/tombunzel/.local/share/nvim/lazy/nvim-treesitter/plugin/query_predicates.lua
041.032  000.219  000.067: sourcing nvim_exec2() called at /Users/tombunzel/.dotfiles/.config/nvim/init.lua:0
041.035  000.001  000.001: sourcing nvim_exec2() called at /Users/tombunzel/.dotfiles/.config/nvim/init.lua:0
041.070  000.001  000.001: sourcing nvim_exec2() called at /Users/tombunzel/.dotfiles/.config/nvim/init.lua:0
043.494  000.100  000.100: require('treesitter-context.config')
043.501  000.202  000.103: require('treesitter-context')
043.528  000.390  000.188: sourcing /Users/tombunzel/.local/share/nvim/lazy/nvim-treesitter-context/plugin/treesitter-context.lua
043.530  000.430  000.040: sourcing nvim_exec2() called at /Users/tombunzel/.dotfiles/.config/nvim/init.lua:0
043.534  000.001  000.001: sourcing nvim_exec2() called at /Users/tombunzel/.dotfiles/.config/nvim/init.lua:0
043.568  000.001  000.001: sourcing nvim_exec2() called at /Users/tombunzel/.dotfiles/.config/nvim/init.lua:0
043.970  000.176  000.176: require('vim.treesitter.highlighter')
044.155  000.184  000.184: require('treesitter-context.util')
044.160  000.574  000.214: require('treesitter-context.render')
044.212  000.001  000.001: sourcing nvim_exec2() called at /Users/tombunzel/.dotfiles/.config/nvim/init.lua:0
044.218  000.001  000.001: sourcing nvim_exec2() called at /Users/tombunzel/.dotfiles/.config/nvim/init.lua:0
044.463  000.119  000.119: sourcing /opt/homebrew/Cellar/neovim/0.11.2/share/nvim/runtime/plugin/editorconfig.lua
044.464  000.159  000.039: sourcing nvim_exec2() called at /Users/tombunzel/.dotfiles/.config/nvim/init.lua:0
044.640  000.138  000.138: sourcing /opt/homebrew/Cellar/neovim/0.11.2/share/nvim/runtime/plugin/man.lua
044.641  000.174  000.036: sourcing nvim_exec2() called at /Users/tombunzel/.dotfiles/.config/nvim/init.lua:0
045.547  000.273  000.273: sourcing /opt/homebrew/Cellar/neovim/0.11.2/share/nvim/runtime/pack/dist/opt/matchit/plugin/matchit.vim
045.557  000.849  000.576: sourcing /opt/homebrew/Cellar/neovim/0.11.2/share/nvim/runtime/plugin/matchit.vim
045.558  000.884  000.036: sourcing nvim_exec2() called at /Users/tombunzel/.dotfiles/.config/nvim/init.lua:0
045.758  000.156  000.156: sourcing /opt/homebrew/Cellar/neovim/0.11.2/share/nvim/runtime/plugin/matchparen.vim
045.760  000.196  000.039: sourcing nvim_exec2() called at /Users/tombunzel/.dotfiles/.config/nvim/init.lua:0
045.868  000.070  000.070: sourcing /opt/homebrew/Cellar/neovim/0.11.2/share/nvim/runtime/plugin/osc52.lua
045.869  000.106  000.036: sourcing nvim_exec2() called at /Users/tombunzel/.dotfiles/.config/nvim/init.lua:0
046.111  000.204  000.204: sourcing /opt/homebrew/Cellar/neovim/0.11.2/share/nvim/runtime/plugin/shada.vim
046.113  000.239  000.035: sourcing nvim_exec2() called at /Users/tombunzel/.dotfiles/.config/nvim/init.lua:0
046.424  000.271  000.271: sourcing /opt/homebrew/Cellar/neovim/0.11.2/share/nvim/runtime/plugin/spellfile.vim
046.426  000.310  000.039: sourcing nvim_exec2() called at /Users/tombunzel/.dotfiles/.config/nvim/init.lua:0
046.580  039.680  020.806: require('config.lazy')
046.581  040.365  000.161: sourcing /Users/tombunzel/.config/nvim/init.lua
046.587  000.719: sourcing vimrc file(s)
046.836  000.029  000.029: sourcing /opt/homebrew/Cellar/neovim/0.11.2/share/nvim/runtime/filetype.lua
047.212  000.105  000.105: sourcing /opt/homebrew/Cellar/neovim/0.11.2/share/nvim/runtime/syntax/synload.vim
047.253  000.347  000.242: sourcing /opt/homebrew/Cellar/neovim/0.11.2/share/nvim/runtime/syntax/syntax.vim
047.260  000.297: inits 3
048.653  001.393: reading ShaDa
048.702  000.049: opening buffers
048.727  000.025: BufEnter autocommands
048.728  000.001: editing files in windows
048.751  000.023: VimEnter autocommands
050.506  001.349  001.349: require('snacks.util')
050.522  001.750  000.400: require('snacks.dashboard')
052.874  000.381  000.381: require('vim.ui')
052.879  000.730  000.349: require('snacks.input')
053.218  000.338  000.338: require('snacks.scope')
053.978  000.688  000.688: require('vim.termcap')
054.015  000.010  000.010: require('vim.text')
054.059  001.792: UIEnter autocommands
054.062  000.003: before starting main loop
054.499  000.437: first screen update
054.500  000.001: --- NVIM STARTED ---

--- Startup times for process: Primary (or UI client) ---

times in msec
 clock   self+sourced   self:  sourced script
 clock   elapsed:              other lines

000.005  000.005: --- NVIM STARTING ---
000.719  000.714: event init
001.019  000.300: early init
001.662  000.642: locale set
001.698  000.036: init first window
002.729  001.031: inits 1
002.739  000.009: window checked
002.741  000.003: parsing arguments
003.600  000.056  000.056: require('vim.shared')
003.708  000.041  000.041: require('vim.inspect')
003.754  000.037  000.037: require('vim._options')
003.756  000.152  000.074: require('vim._editor')
003.758  000.257  000.049: require('vim._init_packages')
003.760  000.761: init lua interpreter
010.264  006.504: nvim_ui_attach
010.669  000.405: nvim_set_client_info
010.671  000.002: --- NVIM STARTED ---

--- Startup times for process: Embedded ---

times in msec
 clock   self+sourced   self:  sourced script
 clock   elapsed:              other lines

000.003  000.003: --- NVIM STARTING ---
000.091  000.087: event init
000.192  000.102: early init
000.555  000.362: locale set
000.576  000.021: init first window
000.957  000.381: inits 1
000.972  000.015: window checked
000.974  000.002: parsing arguments
001.459  000.041  000.041: require('vim.shared')
001.544  000.035  000.035: require('vim.inspect')
001.588  000.037  000.037: require('vim._options')
001.590  000.128  000.057: require('vim._editor')
001.592  000.203  000.033: require('vim._init_packages')
001.594  000.417: init lua interpreter
003.231  001.637: expanding arguments
003.244  000.012: inits 2
003.557  000.313: init highlight
003.558  000.001: waiting for UI
003.672  000.114: done waiting for UI
003.675  000.003: clear screen
003.798  000.011  000.011: require('vim.keymap')
005.032  000.350  000.350: sourcing nvim_exec2()
005.389  001.711  001.351: require('vim._defaults')
005.390  000.004: init default mappings & autocommands
006.109  000.216  000.216: sourcing /opt/homebrew/Cellar/neovim/0.11.2/share/nvim/runtime/ftplugin.vim
006.329  000.155  000.155: sourcing /opt/homebrew/Cellar/neovim/0.11.2/share/nvim/runtime/indent.vim
006.733  000.099  000.099: require('vim.fs')
007.169  000.430  000.430: require('vim.uri')
007.184  000.571  000.042: require('vim.loader')
008.476  000.883  000.883: require('lazy')
008.499  000.013  000.013: require('ffi')
008.711  000.206  000.206: require('lazy.stats')
009.022  000.280  000.280: require('lazy.core.util')
009.283  000.260  000.260: require('lazy.core.config')
009.744  000.213  000.213: require('lazy.core.handler')
010.672  000.305  000.305: require('lazy.pkg')
010.679  000.608  000.303: require('lazy.core.meta')
010.686  000.941  000.333: require('lazy.core.plugin')
010.693  001.408  000.254: require('lazy.core.loader')
011.372  000.278  000.278: require('lazy.core.fragments')
013.732  000.375  000.375: require('lazyvim.util.deprecated')
013.740  000.906  000.531: require('lazyvim.util')
013.749  001.217  000.311: require('lazyvim.config')
014.864  000.620  000.620: require('lazyvim.config.options')
015.570  000.005  000.005: sourcing nvim_exec2() called at /Users/tombunzel/.dotfiles/.config/nvim/init.lua:0
015.574  000.001  000.001: sourcing nvim_exec2() called at /Users/tombunzel/.dotfiles/.config/nvim/init.lua:0
015.597  000.005  000.005: sourcing nvim_exec2() called at /Users/tombunzel/.dotfiles/.config/nvim/init.lua:0
015.602  000.003  000.003: sourcing nvim_exec2() called at /Users/tombunzel/.dotfiles/.config/nvim/init.lua:0
015.624  000.695  000.681: require('config.options')
015.924  000.285  000.285: require('lazyvim.util.plugin')
016.169  000.243  000.243: require('lazyvim.util.inject')
016.371  000.198  000.198: require('lazy.core.handler.event')
020.937  000.230  000.230: require('lazyvim.util.pick')
022.467  000.137  000.137: require('lazyvim.util.lsp')
024.391  000.004  000.004: require('vim.F')
027.162  000.117  000.117: require('lazy.core.handler.cmd')
027.273  000.108  000.108: require('lazy.core.handler.keys')
027.389  000.115  000.115: require('lazy.core.handler.ft')
028.345  000.004  000.004: sourcing nvim_exec2() called at /Users/tombunzel/.dotfiles/.config/nvim/init.lua:0
028.354  000.001  000.001: sourcing nvim_exec2() called at /Users/tombunzel/.dotfiles/.config/nvim/init.lua:0
028.748  000.002  000.002: sourcing nvim_exec2() called at /Users/tombunzel/.dotfiles/.config/nvim/init.lua:0
028.755  000.001  000.001: sourcing nvim_exec2() called at /Users/tombunzel/.dotfiles/.config/nvim/init.lua:0
028.777  000.001  000.001: sourcing nvim_exec2() called at /Users/tombunzel/.dotfiles/.config/nvim/init.lua:0
028.783  000.001  000.001: sourcing nvim_exec2() called at /Users/tombunzel/.dotfiles/.config/nvim/init.lua:0
029.383  000.001  000.001: sourcing nvim_exec2() called at /Users/tombunzel/.dotfiles/.config/nvim/init.lua:0
029.389  000.001  000.001: sourcing nvim_exec2() called at /Users/tombunzel/.dotfiles/.config/nvim/init.lua:0
030.642  000.035  000.035: sourcing nvim_exec2() called at /opt/homebrew/Cellar/neovim/0.11.2/share/nvim/runtime/filetype.lua:0
030.643  000.276  000.241: sourcing /opt/homebrew/Cellar/neovim/0.11.2/share/nvim/runtime/filetype.lua
030.645  000.360  000.084: sourcing nvim_exec2() called at /Users/tombunzel/.dotfiles/.config/nvim/init.lua:0
030.801  000.001  000.001: sourcing nvim_exec2() called at /Users/tombunzel/.dotfiles/.config/nvim/init.lua:0
030.807  000.001  000.001: sourcing nvim_exec2() called at /Users/tombunzel/.dotfiles/.config/nvim/init.lua:0
031.114  000.254  000.254: require('lazyvim')
032.387  000.001  000.001: sourcing nvim_exec2() called at ColorSchemePre Autocommands for "*":0
032.393  000.001  000.001: sourcing nvim_exec2() called at ColorSchemePre Autocommands for "*":0
032.909  000.415  000.415: require('catppuccin')
033.270  000.099  000.099: require('catppuccin.lib.hashing')
035.290  001.763  001.763: sourcing /Users/tombunzel/.local/share/nvim/lazy/catppuccin/colors/catppuccin-frappe.vim
035.303  000.004  000.004: sourcing nvim_exec2() called at ColorScheme Autocommands for "*":0
036.165  000.472  000.472: require('snacks')
036.167  000.637  000.165: sourcing /Users/tombunzel/.local/share/nvim/lazy/snacks.nvim/plugin/snacks.lua
036.169  000.683  000.046: sourcing nvim_exec2() called at /Users/tombunzel/.dotfiles/.config/nvim/init.lua:0
036.175  000.001  000.001: sourcing nvim_exec2() called at /Users/tombunzel/.dotfiles/.config/nvim/init.lua:0
036.180  000.001  000.001: sourcing nvim_exec2() called at /Users/tombunzel/.dotfiles/.config/nvim/init.lua:0
037.768  000.098  000.098: require('vim.treesitter.language')
037.857  000.085  000.085: require('vim.func')
037.951  000.085  000.085: require('vim.func._memoize')
038.031  000.913  000.644: require('vim.treesitter.query')
038.120  000.087  000.087: require('vim.treesitter._range')
038.130  001.224  000.224: require('vim.treesitter.languagetree')
038.133  001.428  000.204: require('vim.treesitter')
038.251  001.761  000.333: sourcing /Users/tombunzel/.local/share/nvim/lazy/nvim-treesitter/plugin/filetypes.lua
038.254  001.805  000.043: sourcing nvim_exec2() called at /Users/tombunzel/.dotfiles/.config/nvim/init.lua:0
038.476  000.177  000.177: sourcing /Users/tombunzel/.local/share/nvim/lazy/nvim-treesitter/plugin/nvim-treesitter.lua
038.478  000.218  000.041: sourcing nvim_exec2() called at /Users/tombunzel/.dotfiles/.config/nvim/init.lua:0
038.672  000.155  000.155: sourcing /Users/tombunzel/.local/share/nvim/lazy/nvim-treesitter/plugin/query_predicates.lua
038.674  000.193  000.038: sourcing nvim_exec2() called at /Users/tombunzel/.dotfiles/.config/nvim/init.lua:0
038.677  000.001  000.001: sourcing nvim_exec2() called at /Users/tombunzel/.dotfiles/.config/nvim/init.lua:0
038.682  000.001  000.001: sourcing nvim_exec2() called at /Users/tombunzel/.dotfiles/.config/nvim/init.lua:0
041.304  000.162  000.162: require('treesitter-context.config')
041.309  000.399  000.237: require('treesitter-context')
041.338  000.590  000.191: sourcing /Users/tombunzel/.local/share/nvim/lazy/nvim-treesitter-context/plugin/treesitter-context.lua
041.340  000.632  000.042: sourcing nvim_exec2() called at /Users/tombunzel/.dotfiles/.config/nvim/init.lua:0
041.345  000.001  000.001: sourcing nvim_exec2() called at /Users/tombunzel/.dotfiles/.config/nvim/init.lua:0
041.349  000.001  000.001: sourcing nvim_exec2() called at /Users/tombunzel/.dotfiles/.config/nvim/init.lua:0
041.773  000.166  000.166: require('vim.treesitter.highlighter')
041.943  000.170  000.170: require('treesitter-context.util')
041.947  000.537  000.201: require('treesitter-context.render')
041.991  000.001  000.001: sourcing nvim_exec2() called at /Users/tombunzel/.dotfiles/.config/nvim/init.lua:0
041.995  000.001  000.001: sourcing nvim_exec2() called at /Users/tombunzel/.dotfiles/.config/nvim/init.lua:0
042.144  000.001  000.001: sourcing nvim_exec2() called at /Users/tombunzel/.dotfiles/.config/nvim/init.lua:0
042.147  000.001  000.001: sourcing nvim_exec2() called at /Users/tombunzel/.dotfiles/.config/nvim/init.lua:0
042.944  000.133  000.133: require('notify.util.queue')
042.946  000.262  000.129: require('notify.util')
043.736  000.022  000.022: sourcing nvim_exec2() called at /Users/tombunzel/.dotfiles/.config/nvim/init.lua:0
043.746  000.007  000.007: sourcing nvim_exec2() called at /Users/tombunzel/.dotfiles/.config/nvim/init.lua:0
043.747  000.800  000.772: require('notify.config.highlights')
043.753  001.260  000.198: require('notify.config')
044.130  000.146  000.146: require('notify.stages')
044.332  000.201  000.201: require('notify.service.notification')
044.746  000.109  000.109: require('notify.animate.spring')
044.748  000.182  000.074: require('notify.animate')
044.750  000.417  000.235: require('notify.windows')
045.014  000.102  000.102: require('notify.service.buffer.highlights')
045.016  000.186  000.084: require('notify.service.buffer')
045.018  000.267  000.081: require('notify.service')
045.242  000.224  000.224: require('notify.stages.util')
045.244  001.490  000.236: require('notify.instance')
045.246  003.068  000.317: require('notify')
045.330  000.072  000.072: require('notify.stages.fade_in_slide_out')
045.341  000.004  000.004: sourcing nvim_exec2() called at /Users/tombunzel/.dotfiles/.config/nvim/init.lua:0
045.345  000.002  000.002: sourcing nvim_exec2() called at /Users/tombunzel/.dotfiles/.config/nvim/init.lua:0
045.624  000.128  000.128: sourcing /opt/homebrew/Cellar/neovim/0.11.2/share/nvim/runtime/plugin/editorconfig.lua
045.626  000.170  000.042: sourcing nvim_exec2() called at /Users/tombunzel/.dotfiles/.config/nvim/init.lua:0
045.779  000.114  000.114: sourcing /opt/homebrew/Cellar/neovim/0.11.2/share/nvim/runtime/plugin/man.lua
045.781  000.152  000.038: sourcing nvim_exec2() called at /Users/tombunzel/.dotfiles/.config/nvim/init.lua:0
046.753  000.274  000.274: sourcing /opt/homebrew/Cellar/neovim/0.11.2/share/nvim/runtime/pack/dist/opt/matchit/plugin/matchit.vim
046.763  000.913  000.639: sourcing /opt/homebrew/Cellar/neovim/0.11.2/share/nvim/runtime/plugin/matchit.vim
046.764  000.951  000.038: sourcing nvim_exec2() called at /Users/tombunzel/.dotfiles/.config/nvim/init.lua:0
046.960  000.153  000.153: sourcing /opt/homebrew/Cellar/neovim/0.11.2/share/nvim/runtime/plugin/matchparen.vim
046.961  000.194  000.041: sourcing nvim_exec2() called at /Users/tombunzel/.dotfiles/.config/nvim/init.lua:0
047.060  000.060  000.060: sourcing /opt/homebrew/Cellar/neovim/0.11.2/share/nvim/runtime/plugin/osc52.lua
047.062  000.098  000.038: sourcing nvim_exec2() called at /Users/tombunzel/.dotfiles/.config/nvim/init.lua:0
047.276  000.178  000.178: sourcing /opt/homebrew/Cellar/neovim/0.11.2/share/nvim/runtime/plugin/shada.vim
047.278  000.213  000.036: sourcing nvim_exec2() called at /Users/tombunzel/.dotfiles/.config/nvim/init.lua:0
047.570  000.252  000.252: sourcing /opt/homebrew/Cellar/neovim/0.11.2/share/nvim/runtime/plugin/spellfile.vim
047.572  000.293  000.040: sourcing nvim_exec2() called at /Users/tombunzel/.dotfiles/.config/nvim/init.lua:0
047.645  040.432  020.934: require('config.lazy')
047.646  041.172  000.169: sourcing /Users/tombunzel/.config/nvim/init.lua
047.653  000.720: sourcing vimrc file(s)
047.919  000.030  000.030: sourcing /opt/homebrew/Cellar/neovim/0.11.2/share/nvim/runtime/filetype.lua
048.313  000.106  000.106: sourcing /opt/homebrew/Cellar/neovim/0.11.2/share/nvim/runtime/syntax/synload.vim
048.369  000.378  000.272: sourcing /opt/homebrew/Cellar/neovim/0.11.2/share/nvim/runtime/syntax/syntax.vim
048.377  000.317: inits 3
049.759  001.382: reading ShaDa
049.808  000.049: opening buffers
049.821  000.013: BufEnter autocommands
049.822  000.002: editing files in windows
049.844  000.022: VimEnter autocommands
050.549  000.324  000.324: require('snacks.util')
050.561  000.701  000.378: require('snacks.dashboard')
052.807  000.204  000.204: require('vim.ui')
052.813  000.538  000.334: require('snacks.input')
053.076  000.261  000.261: require('snacks.scope')
053.298  000.182  000.182: require('vim.termcap')
053.332  000.009  000.009: require('vim.text')
053.344  001.809: UIEnter autocommands
053.347  000.003: before starting main loop
053.746  000.399: first screen update
053.747  000.001: --- NVIM STARTED ---

--- Startup times for process: Primary (or UI client) ---

times in msec
 clock   self+sourced   self:  sourced script
 clock   elapsed:              other lines

000.005  000.005: --- NVIM STARTING ---
000.396  000.391: event init
000.982  000.586: early init
001.683  000.700: locale set
001.713  000.031: init first window
002.406  000.692: inits 1
002.414  000.009: window checked
002.417  000.003: parsing arguments
003.208  000.048  000.048: require('vim.shared')
003.314  000.043  000.043: require('vim.inspect')
003.362  000.039  000.039: require('vim._options')
003.364  000.152  000.069: require('vim._editor')
003.366  000.241  000.041: require('vim._init_packages')
003.369  000.710: init lua interpreter
009.951  006.582: nvim_ui_attach
010.364  000.412: nvim_set_client_info
010.369  000.006: --- NVIM STARTED ---

--- Startup times for process: Embedded ---

times in msec
 clock   self+sourced   self:  sourced script
 clock   elapsed:              other lines

000.004  000.004: --- NVIM STARTING ---
000.094  000.091: event init
000.211  000.117: early init
000.593  000.382: locale set
000.617  000.024: init first window
001.001  000.384: inits 1
001.017  000.016: window checked
001.019  000.002: parsing arguments
001.500  000.041  000.041: require('vim.shared')
001.586  000.035  000.035: require('vim.inspect')
001.625  000.032  000.032: require('vim._options')
001.628  000.124  000.057: require('vim._editor')
001.629  000.203  000.038: require('vim._init_packages')
001.631  000.408: init lua interpreter
003.210  001.580: expanding arguments
003.222  000.012: inits 2
003.511  000.289: init highlight
003.512  000.001: waiting for UI
003.638  000.126: done waiting for UI
003.641  000.004: clear screen
003.765  000.013  000.013: require('vim.keymap')
005.063  000.320  000.320: sourcing nvim_exec2()
005.290  001.647  001.314: require('vim._defaults')
005.292  000.004: init default mappings & autocommands
006.060  000.230  000.230: sourcing /opt/homebrew/Cellar/neovim/0.11.2/share/nvim/runtime/ftplugin.vim
006.288  000.160  000.160: sourcing /opt/homebrew/Cellar/neovim/0.11.2/share/nvim/runtime/indent.vim
006.827  000.119  000.119: require('vim.fs')
007.351  000.513  000.513: require('vim.uri')
007.387  000.705  000.072: require('vim.loader')
009.841  002.029  002.029: require('lazy')
009.872  000.015  000.015: require('ffi')
010.067  000.189  000.189: require('lazy.stats')
010.468  000.367  000.367: require('lazy.core.util')
010.740  000.270  000.270: require('lazy.core.config')
011.240  000.231  000.231: require('lazy.core.handler')
012.080  000.288  000.288: require('lazy.pkg')
012.084  000.528  000.240: require('lazy.core.meta')
012.088  000.846  000.319: require('lazy.core.plugin')
012.098  001.356  000.279: require('lazy.core.loader')
013.087  000.297  000.297: require('lazy.core.fragments')
016.313  000.549  000.549: require('lazyvim.util.deprecated')
016.321  000.922  000.373: require('lazyvim.util')
016.331  001.393  000.471: require('lazyvim.config')
017.646  000.720  000.720: require('lazyvim.config.options')
018.220  000.007  000.007: sourcing nvim_exec2() called at /Users/tombunzel/.dotfiles/.config/nvim/init.lua:0
018.224  000.001  000.001: sourcing nvim_exec2() called at /Users/tombunzel/.dotfiles/.config/nvim/init.lua:0
018.289  000.006  000.006: sourcing nvim_exec2() called at /Users/tombunzel/.dotfiles/.config/nvim/init.lua:0
018.294  000.003  000.003: sourcing nvim_exec2() called at /Users/tombunzel/.dotfiles/.config/nvim/init.lua:0
018.311  000.631  000.613: require('config.options')
018.615  000.239  000.239: require('lazyvim.util.plugin')
018.809  000.191  000.191: require('lazyvim.util.inject')
019.005  000.195  000.195: require('lazy.core.handler.event')
022.499  000.205  000.205: require('lazyvim.util.pick')
023.473  000.161  000.161: require('lazyvim.util.lsp')
025.966  000.007  000.007: require('vim.F')
029.661  000.142  000.142: require('lazy.core.handler.cmd')
029.786  000.122  000.122: require('lazy.core.handler.ft')
030.013  000.224  000.224: require('lazy.core.handler.keys')
030.212  000.003  000.003: sourcing nvim_exec2() called at /Users/tombunzel/.dotfiles/.config/nvim/init.lua:0
030.223  000.001  000.001: sourcing nvim_exec2() called at /Users/tombunzel/.dotfiles/.config/nvim/init.lua:0
030.782  000.001  000.001: sourcing nvim_exec2() called at /Users/tombunzel/.dotfiles/.config/nvim/init.lua:0
030.791  000.001  000.001: sourcing nvim_exec2() called at /Users/tombunzel/.dotfiles/.config/nvim/init.lua:0
030.796  000.001  000.001: sourcing nvim_exec2() called at /Users/tombunzel/.dotfiles/.config/nvim/init.lua:0
030.801  000.001  000.001: sourcing nvim_exec2() called at /Users/tombunzel/.dotfiles/.config/nvim/init.lua:0
032.469  000.001  000.001: sourcing nvim_exec2() called at /Users/tombunzel/.dotfiles/.config/nvim/init.lua:0
032.477  000.001  000.001: sourcing nvim_exec2() called at /Users/tombunzel/.dotfiles/.config/nvim/init.lua:0
033.524  000.029  000.029: sourcing nvim_exec2() called at /opt/homebrew/Cellar/neovim/0.11.2/share/nvim/runtime/filetype.lua:0
033.526  000.237  000.207: sourcing /opt/homebrew/Cellar/neovim/0.11.2/share/nvim/runtime/filetype.lua
033.528  000.286  000.049: sourcing nvim_exec2() called at /Users/tombunzel/.dotfiles/.config/nvim/init.lua:0
033.615  000.001  000.001: sourcing nvim_exec2() called at /Users/tombunzel/.dotfiles/.config/nvim/init.lua:0
033.619  000.001  000.001: sourcing nvim_exec2() called at /Users/tombunzel/.dotfiles/.config/nvim/init.lua:0
033.943  000.209  000.209: require('lazyvim')
035.088  000.003  000.003: sourcing nvim_exec2() called at ColorSchemePre Autocommands for "*":0
035.095  000.001  000.001: sourcing nvim_exec2() called at ColorSchemePre Autocommands for "*":0
035.999  000.408  000.408: require('catppuccin')
036.356  000.100  000.100: require('catppuccin.lib.hashing')
038.452  001.804  001.804: sourcing /Users/tombunzel/.local/share/nvim/lazy/catppuccin/colors/catppuccin-frappe.vim
038.469  000.005  000.005: sourcing nvim_exec2() called at ColorScheme Autocommands for "*":0
039.574  000.437  000.437: require('snacks')
039.575  000.596  000.158: sourcing /Users/tombunzel/.local/share/nvim/lazy/snacks.nvim/plugin/snacks.lua
039.578  000.665  000.069: sourcing nvim_exec2() called at /Users/tombunzel/.dotfiles/.config/nvim/init.lua:0
039.621  000.002  000.002: sourcing nvim_exec2() called at /Users/tombunzel/.dotfiles/.config/nvim/init.lua:0
039.628  000.001  000.001: sourcing nvim_exec2() called at /Users/tombunzel/.dotfiles/.config/nvim/init.lua:0
041.749  000.108  000.108: require('vim.treesitter.language')
041.847  000.096  000.096: require('vim.func')
041.944  000.095  000.095: require('vim.func._memoize')
041.971  000.953  000.655: require('vim.treesitter.query')
042.062  000.090  000.090: require('vim.treesitter._range')
042.071  001.345  000.302: require('vim.treesitter.languagetree')
042.075  001.591  000.246: require('vim.treesitter')
042.181  002.001  000.411: sourcing /Users/tombunzel/.local/share/nvim/lazy/nvim-treesitter/plugin/filetypes.lua
042.184  002.096  000.095: sourcing nvim_exec2() called at /Users/tombunzel/.dotfiles/.config/nvim/init.lua:0
042.453  000.210  000.210: sourcing /Users/tombunzel/.local/share/nvim/lazy/nvim-treesitter/plugin/nvim-treesitter.lua
042.455  000.264  000.054: sourcing nvim_exec2() called at /Users/tombunzel/.dotfiles/.config/nvim/init.lua:0
042.678  000.175  000.175: sourcing /Users/tombunzel/.local/share/nvim/lazy/nvim-treesitter/plugin/query_predicates.lua
042.679  000.212  000.038: sourcing nvim_exec2() called at /Users/tombunzel/.dotfiles/.config/nvim/init.lua:0
042.683  000.001  000.001: sourcing nvim_exec2() called at /Users/tombunzel/.dotfiles/.config/nvim/init.lua:0
042.718  000.001  000.001: sourcing nvim_exec2() called at /Users/tombunzel/.dotfiles/.config/nvim/init.lua:0
043.186  000.389  000.389: require('nvim-treesitter')
043.842  000.655  000.655: require('nvim-treesitter.config')
044.678  000.813  000.813: require('vim.filetype')
046.073  000.162  000.162: require('treesitter-context.config')
046.080  000.406  000.244: require('treesitter-context')
046.120  000.586  000.180: sourcing /Users/tombunzel/.local/share/nvim/lazy/nvim-treesitter-context/plugin/treesitter-context.lua
046.123  000.670  000.084: sourcing nvim_exec2() called at /Users/tombunzel/.dotfiles/.config/nvim/init.lua:0
046.129  000.002  000.002: sourcing nvim_exec2() called at /Users/tombunzel/.dotfiles/.config/nvim/init.lua:0
046.166  000.001  000.001: sourcing nvim_exec2() called at /Users/tombunzel/.dotfiles/.config/nvim/init.lua:0
046.609  000.198  000.198: require('vim.treesitter.highlighter')
046.832  000.221  000.221: require('treesitter-context.util')
046.836  000.648  000.229: require('treesitter-context.render')
046.949  000.002  000.002: sourcing nvim_exec2() called at /Users/tombunzel/.dotfiles/.config/nvim/init.lua:0
046.983  000.001  000.001: sourcing nvim_exec2() called at /Users/tombunzel/.dotfiles/.config/nvim/init.lua:0
047.867  000.147  000.147: require('notify.util.queue')
047.869  000.285  000.138: require('notify.util')
048.662  000.025  000.025: sourcing nvim_exec2() called at /Users/tombunzel/.dotfiles/.config/nvim/init.lua:0
048.673  000.009  000.009: sourcing nvim_exec2() called at /Users/tombunzel/.dotfiles/.config/nvim/init.lua:0
048.675  000.806  000.773: require('notify.config.highlights')
048.678  001.287  000.197: require('notify.config')
049.012  000.111  000.111: require('notify.stages')
049.212  000.198  000.198: require('notify.service.notification')
049.574  000.094  000.094: require('notify.animate.spring')
049.575  000.171  000.077: require('notify.animate')
049.578  000.365  000.193: require('notify.windows')
049.822  000.073  000.073: require('notify.service.buffer.highlights')
049.824  000.162  000.088: require('notify.service.buffer')
049.826  000.248  000.087: require('notify.service')
050.057  000.229  000.229: require('notify.stages.util')
050.058  001.379  000.228: require('notify.instance')
050.060  003.009  000.342: require('notify')
050.164  000.079  000.079: require('notify.stages.fade_in_slide_out')
050.175  000.004  000.004: sourcing nvim_exec2() called at /Users/tombunzel/.dotfiles/.config/nvim/init.lua:0
050.178  000.002  000.002: sourcing nvim_exec2() called at /Users/tombunzel/.dotfiles/.config/nvim/init.lua:0
050.244  000.001  000.001: sourcing nvim_exec2() called at /Users/tombunzel/.dotfiles/.config/nvim/init.lua:0
050.252  000.001  000.001: sourcing nvim_exec2() called at /Users/tombunzel/.dotfiles/.config/nvim/init.lua:0
050.500  000.108  000.108: sourcing /opt/homebrew/Cellar/neovim/0.11.2/share/nvim/runtime/plugin/editorconfig.lua
050.502  000.154  000.046: sourcing nvim_exec2() called at /Users/tombunzel/.dotfiles/.config/nvim/init.lua:0
050.690  000.143  000.143: sourcing /opt/homebrew/Cellar/neovim/0.11.2/share/nvim/runtime/plugin/man.lua
050.692  000.183  000.041: sourcing nvim_exec2() called at /Users/tombunzel/.dotfiles/.config/nvim/init.lua:0
051.739  000.240  000.240: sourcing /opt/homebrew/Cellar/neovim/0.11.2/share/nvim/runtime/pack/dist/opt/matchit/plugin/matchit.vim
051.749  001.019  000.778: sourcing /opt/homebrew/Cellar/neovim/0.11.2/share/nvim/runtime/plugin/matchit.vim
051.750  001.056  000.037: sourcing nvim_exec2() called at /Users/tombunzel/.dotfiles/.config/nvim/init.lua:0
051.951  000.145  000.145: sourcing /opt/homebrew/Cellar/neovim/0.11.2/share/nvim/runtime/plugin/matchparen.vim
051.952  000.185  000.040: sourcing nvim_exec2() called at /Users/tombunzel/.dotfiles/.config/nvim/init.lua:0
052.094  000.070  000.070: sourcing /opt/homebrew/Cellar/neovim/0.11.2/share/nvim/runtime/plugin/osc52.lua
052.096  000.108  000.038: sourcing nvim_exec2() called at /Users/tombunzel/.dotfiles/.config/nvim/init.lua:0
052.326  000.189  000.189: sourcing /opt/homebrew/Cellar/neovim/0.11.2/share/nvim/runtime/plugin/shada.vim
052.327  000.226  000.037: sourcing nvim_exec2() called at /Users/tombunzel/.dotfiles/.config/nvim/init.lua:0
052.647  000.281  000.281: sourcing /opt/homebrew/Cellar/neovim/0.11.2/share/nvim/runtime/plugin/spellfile.vim
052.649  000.319  000.038: sourcing nvim_exec2() called at /Users/tombunzel/.dotfiles/.config/nvim/init.lua:0
052.763  045.339  022.010: require('config.lazy')
052.764  046.309  000.265: sourcing /Users/tombunzel/.config/nvim/init.lua
052.770  000.779: sourcing vimrc file(s)
052.996  000.029  000.029: sourcing /opt/homebrew/Cellar/neovim/0.11.2/share/nvim/runtime/filetype.lua
053.357  000.099  000.099: sourcing /opt/homebrew/Cellar/neovim/0.11.2/share/nvim/runtime/syntax/synload.vim
053.400  000.336  000.237: sourcing /opt/homebrew/Cellar/neovim/0.11.2/share/nvim/runtime/syntax/syntax.vim
053.407  000.272: inits 3
054.746  001.340: reading ShaDa
054.800  000.054: opening buffers
054.816  000.016: BufEnter autocommands
054.817  000.001: editing files in windows
054.839  000.021: VimEnter autocommands
055.698  000.349  000.349: require('snacks.util')
055.722  000.867  000.518: require('snacks.dashboard')
057.940  000.203  000.203: require('vim.ui')
057.948  000.509  000.306: require('snacks.input')
058.239  000.290  000.290: require('snacks.scope')
058.575  000.203  000.203: require('vim.termcap')
058.594  000.011  000.011: require('vim.text')
058.607  001.889: UIEnter autocommands
058.609  000.002: before starting main loop
058.998  000.389: first screen update
058.999  000.001: --- NVIM STARTED ---

